This is a test file to play around with Git